// Jest Snapshot v1, https://goo.gl/fbAQLP

exports[`instruments: sum function should return an additional two arguments passed 1`] = `9`;
